// Jest Snapshot v1, https://goo.gl/fbAQLP

exports[`renders correctly 1`] = `
<View>
  <View>
    <Text
      style={
        Object {
          "fontFamily": "Montserrat",
          "fontSize": 24,
          "fontWeight": "bold",
        }
      }
    >
      Projector
    </Text>
  </View>
</View>
`;
